// Jest Snapshot v1, https://goo.gl/fbAQLP

exports[`renders the ActivityIndicator component 1`] = `
<ActivityIndicator
  animating={true}
  size="small"
/>
`;

exports[`renders the TextInput component 1`] = `
<TextInput
  autoCorrect={false}
  value="apple banana kiwi"
/>
`;
